


ARM Macro Assembler    Page 1 


    1 00000000         ; lcd.s
    2 00000000         ; Desenvolvido para a placa EK-TM4C1294XL
    3 00000000         ; Template by Prof. Guilherme Peron - 24/08/2020
    4 00000000         
    5 00000000         ; ------------------------------------------------------
                       -------------------------
    6 00000000                 THUMB                        ; Instru??es do tip
                                                            o Thumb-2
    7 00000000         ; ------------------------------------------------------
                       -------------------------
    8 00000000         
    9 00000000         ; Declara??es EQU - Defines
   10 00000000         ;<NOME>         EQU <VALOR>
   11 00000000         ; ========================
   12 00000000         ; ------------------------------------------------------
                       -------------------------
   13 00000000         ; ?rea de Dados - Declara??es de vari?veis
   14 00000000                 AREA             DATA, ALIGN=2
   15 00000000         ; Se alguma vari?vel for chamada em outro arquivo
   16 00000000         ;EXPORT  <var> [DATA,SIZE=<tam>]   ; Permite chamar a va
                       ri?vel <var> a 
   17 00000000         ; partir de outro arquivo
   18 00000000         ;<var> SPACE <tam>                        ; Declara uma 
                       vari?vel de nome <var>
   19 00000000         ; de <tam> bytes a partir da primeira 
   20 00000000         ; posi??o da RAM  
   21 00000000         
   22 00000000         ; ------------------------------------------------------
                       -------------------------
   23 00000000         ; ?rea de C?digo - Tudo abaixo da diretiva a seguir ser?
                        armazenado na mem?ria de 
   24 00000000         ;                  c?digo
   25 00000000                 AREA             |.text|, CODE, READONLY, ALIGN=
2
   26 00000000         
   27 00000000         ; Se alguma fun??o do arquivo for chamada em outro arqui
                       vo
   28 00000000         ; EXPORT <func>    ; Permite chamar a fun??o a partir de
                        outro arquivo
   29 00000000                 EXPORT           LCD_Init
   30 00000000                 EXPORT           LCD_Line2
   31 00000000                 EXPORT           LCD_PrintString
   32 00000000                 EXPORT           LCD_Reset
   33 00000000         
   34 00000000         ; Se chamar alguma fun??o externa 
   35 00000000         ;IMPORT <func>              ; Permite chamar dentro dest
                       e arquivo uma fun??o de outro
   36 00000000                 IMPORT           PortM_Output ; Permite chamar P
                                                            ortM_Output de outr
                                                            o arquivo
   37 00000000                 IMPORT           PortK_Output ; Permite chamar P
                                                            ortK_Output de outr
                                                            o arquivo
   38 00000000                 IMPORT           SysTick_Wait1ms ; Permite chama
                                                            r SysTick_Wait1ms d
                                                            e outro arquivo
   39 00000000         ; ------------------------------------------------------
                       -------------------------
   40 00000000         ; Função LCD_Init



ARM Macro Assembler    Page 2 


   41 00000000         ; Inicializaçã do LCD
   42 00000000         ; Parametro de entrada: Não tem
   43 00000000         ; Parametro de saída: Não tem
   44 00000000         LCD_Init
   45 00000000 B500            PUSH             {LR}
   46 00000002         
   47 00000002 F04F 0338       MOV              R3, #0x38   ; Inicializar no mo
                                                            do 2 linhas/caracte
                                                            r matriz 5x7
   48 00000006 F000 F80F       BL               LCD_Instruction
   49 0000000A         
   50 0000000A F04F 0306       MOV              R3, #0x06   ; Cursor com autoin
                                                            cremento para direi
                                                            ta
   51 0000000E F000 F80B       BL               LCD_Instruction
   52 00000012         
   53 00000012 F04F 030E       MOV              R3, #0x0E   ; Configurar o curs
                                                            or (habilitar o dis
                                                            play + cursor + não
                                                            -pisca)
   54 00000016 F000 F807       BL               LCD_Instruction
   55 0000001A         
   56 0000001A F04F 0301       MOV              R3, #0x01   ; Resetar: Limpar o
                                                             display e levar o 
                                                            cursor para o home
   57 0000001E F000 F803       BL               LCD_Instruction
   58 00000022         
   59 00000022 F85D EB04       POP              {LR}
   60 00000026 4770            BX               LR
   61 00000028         
   62 00000028         ; Função LCD_Instruction
   63 00000028         ; Recebe uma instrução e a executa
   64 00000028         ; Parametro de entrada: R3
   65 00000028         ; Parametro de saída: Não tem
   66 00000028         LCD_Instruction
   67 00000028 B500            PUSH             {LR}
   68 0000002A         
   69 0000002A F04F 0004       MOV              R0, #2_00000100 ; Ativa o LCD (
                                                            EN=1, RW=0, RS=0)
   70 0000002E F7FF FFFE       BL               PortM_Output
   71 00000032         
   72 00000032 4618            MOV              R0, R3      ; Escreve no barram
                                                            ento de dados o com
                                                            ando
   73 00000034 F7FF FFFE       BL               PortK_Output
   74 00000038         
   75 00000038 F04F 000A       MOV              R0, #10     ; Delay de 10ms par
                                                            a executar (bem mai
                                                            s do que os 40us ou
                                                             1,64ms necess?rios
                                                            )
   76 0000003C F7FF FFFE       BL               SysTick_Wait1ms
   77 00000040         
   78 00000040 F04F 0000       MOV              R0, #2_00000000 ; Desativa o LC
                                                            D (EN=0, RW=0, RS=0
                                                            )
   79 00000044 F7FF FFFE       BL               PortM_Output
   80 00000048         
   81 00000048 F85D EB04       POP              {LR}



ARM Macro Assembler    Page 3 


   82 0000004C 4770            BX               LR
   83 0000004E         
   84 0000004E         ; Função LCD_Data
   85 0000004E         ; Recebe um dado e o escreve
   86 0000004E         ; Parametro de entrada: R3
   87 0000004E         ; Parametro de saída: Não tem
   88 0000004E         LCD_Data
   89 0000004E B500            PUSH             {LR}
   90 00000050         
   91 00000050 F04F 0005       MOV              R0, #2_00000101 ; Ativa o LCD e
                                                             RS para enviar os 
                                                            dados (EN=1, RW=0, 
                                                            RS=1)
   92 00000054 F7FF FFFE       BL               PortM_Output
   93 00000058         
   94 00000058 4618            MOV              R0, R3      ; Escreve no barram
                                                            ento de dados
   95 0000005A F7FF FFFE       BL               PortK_Output
   96 0000005E         
   97 0000005E F04F 000A       MOV              R0, #10     ; Delay de 10ms par
                                                            a executar (bem mai
                                                            s do que os 40us ou
                                                             1,64ms necess?rios
                                                            )
   98 00000062 F7FF FFFE       BL               SysTick_Wait1ms
   99 00000066         
  100 00000066 F04F 0000       MOV              R0, #2_00000000 ; Desativa o LC
                                                            D (EN=0, RW=0, RS=0
                                                            )
  101 0000006A F7FF FFFE       BL               PortM_Output
  102 0000006E         
  103 0000006E F85D EB04       POP              {LR}
  104 00000072 4770            BX               LR
  105 00000074         
  106 00000074         ; Função LCD_Line2
  107 00000074         ; Prepara a escrita na segunda linha do LCD
  108 00000074         ; Parametro de entrada: Não tem
  109 00000074         ; Parametro de saída: Não tem
  110 00000074         LCD_Line2
  111 00000074 B508            PUSH             {LR, R3}
  112 00000076         
  113 00000076 F04F 03C0       MOV              R3, #0xC0   ; Endereço da prime
                                                            ira posição - Segun
                                                            da Linha
  114 0000007A F7FF FFD5       BL               LCD_Instruction
  115 0000007E         
  116 0000007E F04F 000A       MOV              R0, #10     ; Delay de 10ms par
                                                            a executar (bem mai
                                                            s do que os 40us ou
                                                             1,64ms necess?rios
                                                            )
  117 00000082 F7FF FFFE       BL               SysTick_Wait1ms
  118 00000086         
  119 00000086 E8BD 4008       POP              {LR, R3}
  120 0000008A 4770            BX               LR
  121 0000008C         
  122 0000008C         ; Funções LCD_PrintString, LCD_PrintChar e LCD_EndOfStri
                       ng
  123 0000008C         ; Imprimem uma string no LCD atraves de um loop



ARM Macro Assembler    Page 4 


  124 0000008C         ; Parametro de entrada: R4 -> A string a ser escrita
  125 0000008C         ; Parametro de sa?da: Nao tem
  126 0000008C         LCD_PrintString
  127 0000008C B501            PUSH             {LR, R0}
  128 0000008E         LCD_PrintChar
  129 0000008E 2C00            CMP              R4, #0
  130 00000090 D003            BEQ              Imprime
  131 00000092 F814 3B01       LDRB             R3, [R4], #1 ; Le um caractere 
                                                            da string e desloca
                                                             para o proximo
  132 00000096 2B00            CMP              R3, #0      ; Verifica se chego
                                                            u no final da strin
                                                            g
  133 00000098 D003            BEQ              LCD_EndOfString
  134 0000009A         Imprime
  135 0000009A F7FF FFD8       BL               LCD_Data    ; Escreve o caracte
                                                            re
  136 0000009E 2C00            CMP              R4, #0
  137 000000A0 D1F5            BNE              LCD_PrintChar ; Continua iteran
                                                            do sobre a string a
                                                            te chegar no fim
  138 000000A2         LCD_EndOfString
  139 000000A2 F04F 000A       MOV              R0, #10     ; Delay de 10ms par
                                                            a executar (bem mai
                                                            s do que os 40us ou
                                                             1,64ms necessarios
                                                            )
  140 000000A6 F7FF FFFE       BL               SysTick_Wait1ms
  141 000000AA         
  142 000000AA E8BD 4001       POP              {LR, R0}    ; A string foi escr
                                                            ita. Retorna
  143 000000AE 4770            BX               LR
  144 000000B0         
  145 000000B0         ; Função LCD_Reset
  146 000000B0         ; Limpa o display e leva o cursor para o home
  147 000000B0         ; Parametro de entrada: Nao tem
  148 000000B0         ; Parametro de sa?da: Nao tem
  149 000000B0         LCD_Reset
  150 000000B0 B500            PUSH             {LR}
  151 000000B2         
  152 000000B2 F04F 0301       MOV              R3, #0x01   ; Resetar: Limpar o
                                                             display e levar o 
                                                            cursor para o home
  153 000000B6 F7FF FFB7       BL               LCD_Instruction
  154 000000BA         
  155 000000BA F04F 000A       MOV              R0, #10     ; Delay de 10ms par
                                                            a executar (bem mai
                                                            s do que os 40us ou
                                                             1,64ms necess?rios
                                                            )
  156 000000BE F7FF FFFE       BL               SysTick_Wait1ms
  157 000000C2         
  158 000000C2 F85D EB04       POP              {LR}
  159 000000C6 4770            BX               LR
  160 000000C8         ; ------------------------------------------------------
                       --------------------------------------------------------
                       -----------
  161 000000C8         ; Fim do Arquivo
  162 000000C8         ; ------------------------------------------------------



ARM Macro Assembler    Page 5 


                       --------------------------------------------------------
                       ----------- 
  163 000000C8                 ALIGN                        ;Garante que o fim 
                                                            da se??o est? alinh
                                                            ada 
  164 000000C8                 END                          ;Fim do arquivo
Command Line: --debug --xref --diag_suppress=9931,A1950W --cpu=Cortex-M4.fp.sp 
--depend=.\objects\lcd.d -o.\objects\lcd.o -IC:\Users\pedro\AppData\Local\Arm\P
acks\Keil\TM4C_DFP\1.1.0\Device\Include\TM4C129 --predefine="__EVAL SETA 1" --p
redefine="__UVISION_VERSION SETA 541" --predefine="TM4C1294NCPDT SETA 1" --list
=.\listings\lcd.lst lcd.s



ARM Macro Assembler    Page 1 Alphabetic symbol ordering
Relocatable symbols

DATA 00000000

Symbol: DATA
   Definitions
      At line 14 in file lcd.s
   Uses
      None
Comment: DATA unused
1 symbol



ARM Macro Assembler    Page 1 Alphabetic symbol ordering
Relocatable symbols

.text 00000000

Symbol: .text
   Definitions
      At line 25 in file lcd.s
   Uses
      None
Comment: .text unused
Imprime 0000009A

Symbol: Imprime
   Definitions
      At line 134 in file lcd.s
   Uses
      At line 130 in file lcd.s
Comment: Imprime used once
LCD_Data 0000004E

Symbol: LCD_Data
   Definitions
      At line 88 in file lcd.s
   Uses
      At line 135 in file lcd.s
Comment: LCD_Data used once
LCD_EndOfString 000000A2

Symbol: LCD_EndOfString
   Definitions
      At line 138 in file lcd.s
   Uses
      At line 133 in file lcd.s
Comment: LCD_EndOfString used once
LCD_Init 00000000

Symbol: LCD_Init
   Definitions
      At line 44 in file lcd.s
   Uses
      At line 29 in file lcd.s
Comment: LCD_Init used once
LCD_Instruction 00000028

Symbol: LCD_Instruction
   Definitions
      At line 66 in file lcd.s
   Uses
      At line 48 in file lcd.s
      At line 51 in file lcd.s
      At line 54 in file lcd.s
      At line 57 in file lcd.s
      At line 114 in file lcd.s
      At line 153 in file lcd.s

LCD_Line2 00000074

Symbol: LCD_Line2
   Definitions
      At line 110 in file lcd.s
   Uses



ARM Macro Assembler    Page 2 Alphabetic symbol ordering
Relocatable symbols

      At line 30 in file lcd.s
Comment: LCD_Line2 used once
LCD_PrintChar 0000008E

Symbol: LCD_PrintChar
   Definitions
      At line 128 in file lcd.s
   Uses
      At line 137 in file lcd.s
Comment: LCD_PrintChar used once
LCD_PrintString 0000008C

Symbol: LCD_PrintString
   Definitions
      At line 126 in file lcd.s
   Uses
      At line 31 in file lcd.s
Comment: LCD_PrintString used once
LCD_Reset 000000B0

Symbol: LCD_Reset
   Definitions
      At line 149 in file lcd.s
   Uses
      At line 32 in file lcd.s
Comment: LCD_Reset used once
10 symbols



ARM Macro Assembler    Page 1 Alphabetic symbol ordering
External symbols

PortK_Output 00000000

Symbol: PortK_Output
   Definitions
      At line 37 in file lcd.s
   Uses
      At line 73 in file lcd.s
      At line 95 in file lcd.s

PortM_Output 00000000

Symbol: PortM_Output
   Definitions
      At line 36 in file lcd.s
   Uses
      At line 70 in file lcd.s
      At line 79 in file lcd.s
      At line 92 in file lcd.s
      At line 101 in file lcd.s

SysTick_Wait1ms 00000000

Symbol: SysTick_Wait1ms
   Definitions
      At line 38 in file lcd.s
   Uses
      At line 76 in file lcd.s
      At line 98 in file lcd.s
      At line 117 in file lcd.s
      At line 140 in file lcd.s
      At line 156 in file lcd.s

3 symbols
348 symbols in table
